
> react-kavia@0.1.0 start
> cross-env EDIT_MODE=true webpack serve --config .ve/webpack.config.js --mode development

<i> [webpack-dev-server] Project is running at:
<i> [webpack-dev-server] Loopback: http://localhost:3000/, http://[::1]:3000/
<i> [webpack-dev-server] On Your Network (IPv4): http://172.17.0.2:3000/
<i> [webpack-dev-server] Content not from webpack is served from './public' directory
Injecting EditorRootWrapper import: ../.ve/EditorRootWrapper
asset bundle.js 1.43 MiB [emitted] (name: main)
asset index.html 1.98 KiB [emitted]
runtime modules 27.5 KiB 14 modules
cacheable modules 1.29 MiB
  modules by path ./node_modules/ 1.24 MiB 31 modules
  modules by path ./src/ 36.5 KiB
    modules by path ./src/components/*.js 15.5 KiB 7 modules
    modules by path ./src/*.css 13.7 KiB 4 modules
    modules by path ./src/*.js 7.31 KiB
      ./src/index.js 530 bytes [built] [code generated]
      ./src/App.js 6.8 KiB [built] [code generated]
  modules by path ./.ve/ 15.1 KiB
    modules by path ./.ve/*.js 10.6 KiB 2 modules
    modules by path ./.ve/*.css 2.93 KiB 2 modules
    ./.ve/EditorOverlay.jsx 1.58 KiB [built] [code generated]
webpack 5.99.9 compiled successfully in 1401 ms
assets by status 1.98 KiB [cached] 1 asset
assets by path *.js 1.45 MiB
  asset bundle.js 1.44 MiB [emitted] (name: main)
  asset main.9b2777da0108073cb8f1.hot-update.js 12 KiB [emitted] [immutable] [hmr] (name: main)
asset main.9b2777da0108073cb8f1.hot-update.json 28 bytes [emitted] [immutable] [hmr]
Entrypoint main 1.45 MiB = bundle.js 1.44 MiB main.9b2777da0108073cb8f1.hot-update.js 12 KiB
cached modules 1.29 MiB [cached] 48 modules
runtime modules 27.5 KiB 14 modules
./src/components/IssueForm.js 8.4 KiB [built] [code generated]
webpack 5.99.9 compiled successfully in 166 ms
assets by status 1.98 KiB [cached] 1 asset
assets by path *.js 1.44 MiB
  asset bundle.js 1.44 MiB [emitted] (name: main)
  asset main.43fdda7215342ad88379.hot-update.js 6.06 KiB [emitted] [immutable] [hmr] (name: main)
asset main.43fdda7215342ad88379.hot-update.json 28 bytes [emitted] [immutable] [hmr]
Entrypoint main 1.44 MiB = bundle.js 1.44 MiB main.43fdda7215342ad88379.hot-update.js 6.06 KiB
cached modules 1.29 MiB [cached] 48 modules
runtime modules 27.5 KiB 14 modules
./src/components/Navbar.js 3.5 KiB [built] [code generated]
webpack 5.99.9 compiled successfully in 49 ms
